
> dudufisio-ai@1.0.0 build
> vite build && node scripts/check-bundle-size.cjs

[36mvite v7.1.10 [32mbuilding for production...[36m[39m
transforming...


Source path: C:/Users/rafal/cursor/dudufisio-ai/dudufisio-AI/index.css
Setting up new context...
Finding changed files: 118.855ms
Reading changed files: 2.099s
Sorting candidates: 95.963ms
Generate rules: 907.531ms
Build stylesheet: 10.69ms
Potential classes:  81768
Active contexts:  1
JIT TOTAL: 3.372s


[32m✓[39m 4906 modules transformed.
rendering chunks...
▲ [WARNING] This case clause will never be evaluated because it duplicates an earlier case clause [duplicate-case]

    assets/lib-pdf-!~{008}~.js:5496:8:
      5496 │         case 22 /* HEBREW */:
           ╵         ~~~~

  The earlier case clause is here:

    assets/lib-pdf-!~{008}~.js:5494:8:
      5494 │         case 22 /* GURMUKHI */:
           ╵         ~~~~

computing gzip size...
[2mdist/[22m[32mindex.html                                        [39m[1m[2m  2.23 kB[22m[1m[22m[2m │ gzip:   0.91 kB[22m
[2mdist/[22m[35massets/index-DgdIbHj8.css                         [39m[1m[2m168.98 kB[22m[1m[22m[2m │ gzip:  23.70 kB[22m
[2mdist/[22m[36massets/clinicalMaterialService-Dy7aNguM.js        [39m[1m[2m  0.33 kB[22m[1m[22m[2m │ gzip:   0.26 kB[22m[2m │ map:     1.48 kB[22m
[2mdist/[22m[36massets/treatmentService-ZEk8CsiH.js               [39m[1m[2m  0.38 kB[22m[1m[22m[2m │ gzip:   0.28 kB[22m[2m │ map:     2.86 kB[22m
[2mdist/[22m[36massets/aiOrchestratorService-Cgtc7NG4.js          [39m[1m[2m  0.44 kB[22m[1m[22m[2m │ gzip:   0.28 kB[22m[2m │ map:     1.63 kB[22m
[2mdist/[22m[36massets/taskService-Bi_cx7hs.js                    [39m[1m[2m  0.50 kB[22m[1m[22m[2m │ gzip:   0.35 kB[22m[2m │ map:     2.33 kB[22m
[2mdist/[22m[36massets/PageHeader-Dwq0w-la.js                     [39m[1m[2m  0.52 kB[22m[1m[22m[2m │ gzip:   0.33 kB[22m[2m │ map:     1.18 kB[22m
[2mdist/[22m[36massets/supabaseClient-B5VW13Ac.js                 [39m[1m[2m  0.54 kB[22m[1m[22m[2m │ gzip:   0.45 kB[22m[2m │ map:     3.07 kB[22m
[2mdist/[22m[36massets/performanceOptimization-hOD9ipdI.js        [39m[1m[2m  0.65 kB[22m[1m[22m[2m │ gzip:   0.36 kB[22m[2m │ map:    12.31 kB[22m
[2mdist/[22m[36massets/voucherService-BFWCubIE.js                 [39m[1m[2m  0.67 kB[22m[1m[22m[2m │ gzip:   0.47 kB[22m[2m │ map:     2.52 kB[22m
[2mdist/[22m[36massets/soapNoteService-C-hBlnSu.js                [39m[1m[2m  0.89 kB[22m[1m[22m[2m │ gzip:   0.49 kB[22m[2m │ map:     3.32 kB[22m
[2mdist/[22m[36massets/vendor-crypto-EwEgHOG0.js                  [39m[1m[2m  0.96 kB[22m[1m[22m[2m │ gzip:   0.53 kB[22m[2m │ map:     4.57 kB[22m
[2mdist/[22m[36massets/partnershipService-B0W1pKjR.js             [39m[1m[2m  1.07 kB[22m[1m[22m[2m │ gzip:   0.67 kB[22m[2m │ map:     5.30 kB[22m
[2mdist/[22m[36massets/StatCard-KN-dGV2q.js                       [39m[1m[2m  1.16 kB[22m[1m[22m[2m │ gzip:   0.57 kB[22m[2m │ map:     2.76 kB[22m
[2mdist/[22m[36massets/TiptapEditorLazy-Dzsee7Im.js               [39m[1m[2m  1.23 kB[22m[1m[22m[2m │ gzip:   0.56 kB[22m[2m │ map:     2.36 kB[22m
[2mdist/[22m[36massets/PainScale-CwlNP4rC.js                      [39m[1m[2m  1.63 kB[22m[1m[22m[2m │ gzip:   0.77 kB[22m[2m │ map:     3.94 kB[22m
[2mdist/[22m[36massets/GroupFormModal-yjPtEz2F.js                 [39m[1m[2m  2.08 kB[22m[1m[22m[2m │ gzip:   0.99 kB[22m[2m │ map:     4.66 kB[22m
[2mdist/[22m[36massets/financialService-1qWQVoPN.js               [39m[1m[2m  2.49 kB[22m[1m[22m[2m │ gzip:   1.11 kB[22m[2m │ map:    11.10 kB[22m
[2mdist/[22m[36massets/MaterialDetailPage-Uv2YvOF2.js             [39m[1m[2m  2.50 kB[22m[1m[22m[2m │ gzip:   1.19 kB[22m[2m │ map:     6.74 kB[22m
[2mdist/[22m[36massets/NotFoundPage-C0tj9r2l.js                   [39m[1m[2m  2.66 kB[22m[1m[22m[2m │ gzip:   1.09 kB[22m[2m │ map:     5.04 kB[22m
[2mdist/[22m[36massets/LegalPage-BYoboc9g.js                      [39m[1m[2m  2.94 kB[22m[1m[22m[2m │ gzip:   1.25 kB[22m[2m │ map:     5.59 kB[22m
[2mdist/[22m[36massets/InteractiveBodyMap-pm5BAWrf.js             [39m[1m[2m  3.02 kB[22m[1m[22m[2m │ gzip:   1.31 kB[22m[2m │ map:     8.29 kB[22m
[2mdist/[22m[36massets/ClinicalLibraryPage-BGkntqqC.js            [39m[1m[2m  3.05 kB[22m[1m[22m[2m │ gzip:   1.46 kB[22m[2m │ map:     9.48 kB[22m
[2mdist/[22m[36massets/DocumentsPage-CVWNvYbn.js                  [39m[1m[2m  3.13 kB[22m[1m[22m[2m │ gzip:   1.29 kB[22m[2m │ map:     8.27 kB[22m
[2mdist/[22m[36massets/MyVouchersPage-irq3PGV_.js                 [39m[1m[2m  3.18 kB[22m[1m[22m[2m │ gzip:   1.35 kB[22m[2m │ map:     7.96 kB[22m
[2mdist/[22m[36massets/simplePdfService-5iGfqELt.js               [39m[1m[2m  3.26 kB[22m[1m[22m[2m │ gzip:   1.48 kB[22m[2m │ map:     8.04 kB[22m
[2mdist/[22m[36massets/FinancialsPage-DPUETKGq.js                 [39m[1m[2m  3.53 kB[22m[1m[22m[2m │ gzip:   1.59 kB[22m[2m │ map:     9.84 kB[22m
[2mdist/[22m[36massets/TemplatesPage-2JrezQLc.js                  [39m[1m[2m  3.56 kB[22m[1m[22m[2m │ gzip:   1.16 kB[22m[2m │ map:     8.79 kB[22m
[2mdist/[22m[36massets/Breadcrumbs-vyRaeXtR.js                    [39m[1m[2m  3.68 kB[22m[1m[22m[2m │ gzip:   1.61 kB[22m[2m │ map:     7.60 kB[22m
[2mdist/[22m[36massets/GerarLaudoPage-BjsKVCZG.js                 [39m[1m[2m  3.74 kB[22m[1m[22m[2m │ gzip:   1.50 kB[22m[2m │ map:     9.44 kB[22m
[2mdist/[22m[36massets/exerciseProtocolService-BqpjitxC.js        [39m[1m[2m  3.80 kB[22m[1m[22m[2m │ gzip:   1.53 kB[22m[2m │ map:    16.88 kB[22m
[2mdist/[22m[36massets/integratedExerciseService-DCBrtgJP.js      [39m[1m[2m  3.85 kB[22m[1m[22m[2m │ gzip:   1.33 kB[22m[2m │ map:    13.86 kB[22m
[2mdist/[22m[36massets/exerciseService-lTvX3ejE.js                [39m[1m[2m  3.92 kB[22m[1m[22m[2m │ gzip:   1.14 kB[22m[2m │ map:    14.21 kB[22m
[2mdist/[22m[36massets/ClientListPage-CnsIuzb-.js                 [39m[1m[2m  3.92 kB[22m[1m[22m[2m │ gzip:   1.54 kB[22m[2m │ map:     9.56 kB[22m
[2mdist/[22m[36massets/Layout-XBwqI7IP.js                         [39m[1m[2m  4.01 kB[22m[1m[22m[2m │ gzip:   1.52 kB[22m[2m │ map:    11.17 kB[22m
[2mdist/[22m[36massets/MyAppointmentsPage-4coMxO2M.js             [39m[1m[2m  4.04 kB[22m[1m[22m[2m │ gzip:   1.52 kB[22m[2m │ map:     9.99 kB[22m
[2mdist/[22m[36massets/ExerciseSelector-BEZeIevk.js               [39m[1m[2m  4.17 kB[22m[1m[22m[2m │ gzip:   1.65 kB[22m[2m │ map:    13.75 kB[22m
[2mdist/[22m[36massets/RecentActivity-DQ7BflqJ.js                 [39m[1m[2m  4.28 kB[22m[1m[22m[2m │ gzip:   1.56 kB[22m[2m │ map:    12.46 kB[22m
[2mdist/[22m[36massets/CheckoutPage-C39MuCuH.js                   [39m[1m[2m  4.35 kB[22m[1m[22m[2m │ gzip:   1.58 kB[22m[2m │ map:    10.80 kB[22m
[2mdist/[22m[36massets/PatientDashboardPage-AS21YUqO.js           [39m[1m[2m  4.37 kB[22m[1m[22m[2m │ gzip:   1.74 kB[22m[2m │ map:    11.37 kB[22m
[2mdist/[22m[36massets/IntegrationsTestPage-BWIga2Hn.js           [39m[1m[2m  4.39 kB[22m[1m[22m[2m │ gzip:   1.42 kB[22m[2m │ map:    12.21 kB[22m
[2mdist/[22m[36massets/InactivePatientEmailPage-D9u_xFLF.js       [39m[1m[2m  4.48 kB[22m[1m[22m[2m │ gzip:   1.87 kB[22m[2m │ map:    10.10 kB[22m
[2mdist/[22m[36massets/SubscriptionPage-DxRAeJhN.js               [39m[1m[2m  4.55 kB[22m[1m[22m[2m │ gzip:   1.76 kB[22m[2m │ map:     9.51 kB[22m
[2mdist/[22m[36massets/PermissionGuard-CS6NOUD9.js                [39m[1m[2m  4.67 kB[22m[1m[22m[2m │ gzip:   1.63 kB[22m[2m │ map:    14.60 kB[22m
[2mdist/[22m[36massets/SessionViewPage-B1kazc6U.js                [39m[1m[2m  4.77 kB[22m[1m[22m[2m │ gzip:   1.61 kB[22m[2m │ map:    11.65 kB[22m
[2mdist/[22m[36massets/MentoriaPage-DC6_JwiA.js                   [39m[1m[2m  4.80 kB[22m[1m[22m[2m │ gzip:   1.99 kB[22m[2m │ map:    15.11 kB[22m
[2mdist/[22m[36massets/AssignExerciseModal-D6E6dRDu.js            [39m[1m[2m  4.86 kB[22m[1m[22m[2m │ gzip:   1.62 kB[22m[2m │ map:    16.94 kB[22m
[2mdist/[22m[36massets/TeleconsultaListPage-RiYusFjl.js           [39m[1m[2m  4.88 kB[22m[1m[22m[2m │ gzip:   1.84 kB[22m[2m │ map:    13.85 kB[22m
[2mdist/[22m[36massets/EducatorDashboardPage-DPri9Fp4.js          [39m[1m[2m  4.89 kB[22m[1m[22m[2m │ gzip:   1.81 kB[22m[2m │ map:    12.45 kB[22m
[2mdist/[22m[36massets/SimpleDashboard-yft0yUYM.js                [39m[1m[2m  4.94 kB[22m[1m[22m[2m │ gzip:   1.52 kB[22m[2m │ map:    11.83 kB[22m
[2mdist/[22m[36massets/useExercises-DjcUZY0B.js                   [39m[1m[2m  4.98 kB[22m[1m[22m[2m │ gzip:   1.93 kB[22m[2m │ map:    20.83 kB[22m
[2mdist/[22m[36massets/EventFormModal-1WOg3ELe.js                 [39m[1m[2m  5.09 kB[22m[1m[22m[2m │ gzip:   1.66 kB[22m[2m │ map:    12.81 kB[22m
[2mdist/[22m[36massets/PartnerPortalDashboard-_NEp1kMW.js         [39m[1m[2m  5.22 kB[22m[1m[22m[2m │ gzip:   1.75 kB[22m[2m │ map:    10.17 kB[22m
[2mdist/[22m[36massets/userService-Dv2NAHS5.js                    [39m[1m[2m  5.25 kB[22m[1m[22m[2m │ gzip:   1.69 kB[22m[2m │ map:    18.63 kB[22m
[2mdist/[22m[36massets/VoucherStorePage-B9TDQ0y_.js               [39m[1m[2m  5.26 kB[22m[1m[22m[2m │ gzip:   2.08 kB[22m[2m │ map:    13.34 kB[22m
[2mdist/[22m[36massets/ConversationFlowEngine-CxrmrUz7.js         [39m[1m[2m  5.30 kB[22m[1m[22m[2m │ gzip:   2.41 kB[22m[2m │ map:    12.55 kB[22m
[2mdist/[22m[36massets/usePerformanceMetrics-DoYaOM8T.js          [39m[1m[2m  5.42 kB[22m[1m[22m[2m │ gzip:   1.76 kB[22m[2m │ map:    22.05 kB[22m
[2mdist/[22m[36massets/TiptapEditor-CAsYtqip.js                   [39m[1m[2m  5.46 kB[22m[1m[22m[2m │ gzip:   1.80 kB[22m[2m │ map:    17.02 kB[22m
[2mdist/[22m[36massets/AuditLogPage-BDaT5Pzs.js                   [39m[1m[2m  5.51 kB[22m[1m[22m[2m │ gzip:   2.00 kB[22m[2m │ map:    14.56 kB[22m
[2mdist/[22m[36massets/GroupsPage-DYPFiqBX.js                     [39m[1m[2m  5.56 kB[22m[1m[22m[2m │ gzip:   2.40 kB[22m[2m │ map:    16.71 kB[22m
[2mdist/[22m[36massets/NotificationCenterPage-P96lC7a3.js         [39m[1m[2m  5.95 kB[22m[1m[22m[2m │ gzip:   2.34 kB[22m[2m │ map:    14.48 kB[22m
[2mdist/[22m[36massets/MyExercisesPage-iDAI_Gxk.js                [39m[1m[2m  6.00 kB[22m[1m[22m[2m │ gzip:   2.57 kB[22m[2m │ map:    18.78 kB[22m
[2mdist/[22m[36massets/ProgressDashboardPage-ZCKkhCN_.js          [39m[1m[2m  6.07 kB[22m[1m[22m[2m │ gzip:   1.86 kB[22m[2m │ map:    16.68 kB[22m
[2mdist/[22m[36massets/AgendaSettingsPage-R2fYI39O.js             [39m[1m[2m  6.16 kB[22m[1m[22m[2m │ gzip:   2.04 kB[22m[2m │ map:    15.14 kB[22m
[2mdist/[22m[36massets/MaterialsPage-C8CErXzC.js                  [39m[1m[2m  6.30 kB[22m[1m[22m[2m │ gzip:   1.89 kB[22m[2m │ map:    14.63 kB[22m
[2mdist/[22m[36massets/SessionTrackingPage-BYSfat9y.js            [39m[1m[2m  6.61 kB[22m[1m[22m[2m │ gzip:   2.11 kB[22m[2m │ map:    21.49 kB[22m
[2mdist/[22m[36massets/ExerciseAnalyticsPage-B2qcJ7gd.js          [39m[1m[2m  6.64 kB[22m[1m[22m[2m │ gzip:   2.11 kB[22m[2m │ map:    16.98 kB[22m
[2mdist/[22m[36massets/TemplateEditPage-CbSBedYH.js               [39m[1m[2m  6.74 kB[22m[1m[22m[2m │ gzip:   2.30 kB[22m[2m │ map:    22.14 kB[22m
[2mdist/[22m[36massets/PatientProgressPage-DdCeAgtC.js            [39m[1m[2m  6.81 kB[22m[1m[22m[2m │ gzip:   2.71 kB[22m[2m │ map:    18.72 kB[22m
[2mdist/[22m[36massets/TeleconsultasListPage-5hZBeRU0.js          [39m[1m[2m  6.82 kB[22m[1m[22m[2m │ gzip:   2.34 kB[22m[2m │ map:    19.68 kB[22m
[2mdist/[22m[36massets/SessionEvolutionPage-CTVPWvhL.js           [39m[1m[2m  6.91 kB[22m[1m[22m[2m │ gzip:   2.63 kB[22m[2m │ map:    18.54 kB[22m
[2mdist/[22m[36massets/InventoryDashboardPage-BWHCGNJY.js         [39m[1m[2m  6.94 kB[22m[1m[22m[2m │ gzip:   2.59 kB[22m[2m │ map:    22.07 kB[22m
[2mdist/[22m[36massets/EventsListPage-ct3iWKz3.js                 [39m[1m[2m  7.32 kB[22m[1m[22m[2m │ gzip:   2.80 kB[22m[2m │ map:    19.90 kB[22m
[2mdist/[22m[36massets/MessagesPage-REfbDSgp.js                   [39m[1m[2m  7.34 kB[22m[1m[22m[2m │ gzip:   2.43 kB[22m[2m │ map:    21.07 kB[22m
[2mdist/[22m[36massets/HepGeneratorPage-DncQSnQ0.js               [39m[1m[2m  7.57 kB[22m[1m[22m[2m │ gzip:   2.87 kB[22m[2m │ map:    19.24 kB[22m
[2mdist/[22m[36massets/clinicalContentService-BZ3xOlr2.js         [39m[1m[2m  7.61 kB[22m[1m[22m[2m │ gzip:   1.70 kB[22m[2m │ map:    26.74 kB[22m
[2mdist/[22m[36massets/PatientPortalDashboard-C4Ay_1_I.js         [39m[1m[2m  7.81 kB[22m[1m[22m[2m │ gzip:   2.28 kB[22m[2m │ map:    15.73 kB[22m
[2mdist/[22m[36massets/WhatsAppAutomation-SmQbpy-T.js             [39m[1m[2m  7.89 kB[22m[1m[22m[2m │ gzip:   2.26 kB[22m[2m │ map:    18.73 kB[22m
[2mdist/[22m[36massets/MedicalReportPage-88StpEPK.js              [39m[1m[2m  7.90 kB[22m[1m[22m[2m │ gzip:   3.11 kB[22m[2m │ map:    29.02 kB[22m
[2mdist/[22m[36massets/PartnerExerciseLibraryPage-cVCAcjuL.js     [39m[1m[2m  7.99 kB[22m[1m[22m[2m │ gzip:   2.67 kB[22m[2m │ map:    23.34 kB[22m
[2mdist/[22m[36massets/PatientPainDiaryPage-B-uerdyS.js           [39m[1m[2m  8.09 kB[22m[1m[22m[2m │ gzip:   3.08 kB[22m[2m │ map:    22.30 kB[22m
[2mdist/[22m[36massets/TherapistDashboard-DNCoHi9D.js             [39m[1m[2m  8.41 kB[22m[1m[22m[2m │ gzip:   2.82 kB[22m[2m │ map:    21.71 kB[22m
[2mdist/[22m[36massets/FinancialDashboard-B8RPkY1g.js             [39m[1m[2m  8.44 kB[22m[1m[22m[2m │ gzip:   2.60 kB[22m[2m │ map:    26.33 kB[22m
[2mdist/[22m[36massets/EvaluationReportPage-y_7Imbub.js           [39m[1m[2m  8.56 kB[22m[1m[22m[2m │ gzip:   2.94 kB[22m[2m │ map:    26.29 kB[22m
[2mdist/[22m[36massets/PerformanceDashboard-BAEVB6ah.js           [39m[1m[2m  8.61 kB[22m[1m[22m[2m │ gzip:   2.30 kB[22m[2m │ map:    19.92 kB[22m
[2mdist/[22m[36massets/RiskAnalysisPage-cfBLFN1L.js               [39m[1m[2m  8.85 kB[22m[1m[22m[2m │ gzip:   3.34 kB[22m[2m │ map:    25.92 kB[22m
[2mdist/[22m[36massets/ExerciseLibraryTestPage-BWIMDSbd.js        [39m[1m[2m  9.00 kB[22m[1m[22m[2m │ gzip:   2.25 kB[22m[2m │ map:    20.17 kB[22m
[2mdist/[22m[36massets/ExerciseLibraryPage-B62AT922.js            [39m[1m[2m  9.11 kB[22m[1m[22m[2m │ gzip:   3.28 kB[22m[2m │ map:    25.87 kB[22m
[2mdist/[22m[36massets/ReportsPage-D9GzHpU9.js                    [39m[1m[2m  9.26 kB[22m[1m[22m[2m │ gzip:   1.84 kB[22m[2m │ map:    20.16 kB[22m
[2mdist/[22m[36massets/AssignmentsPage-CHZR4VId.js                [39m[1m[2m  9.34 kB[22m[1m[22m[2m │ gzip:   2.65 kB[22m[2m │ map:    27.97 kB[22m
[2mdist/[22m[36massets/WhatsAppPage-BDDAUAu2.js                   [39m[1m[2m  9.53 kB[22m[1m[22m[2m │ gzip:   3.54 kB[22m[2m │ map:    23.30 kB[22m
[2mdist/[22m[36massets/vendor-monitoring-Bf2_Id-l.js              [39m[1m[2m  9.72 kB[22m[1m[22m[2m │ gzip:   3.21 kB[22m[2m │ map:    96.17 kB[22m
[2mdist/[22m[36massets/StockMovementModal-BRUET_Oz.js             [39m[1m[2m  9.91 kB[22m[1m[22m[2m │ gzip:   3.07 kB[22m[2m │ map:    29.72 kB[22m
[2mdist/[22m[36massets/ProtocolsPage-D7IM93K4.js                  [39m[1m[2m  9.97 kB[22m[1m[22m[2m │ gzip:   2.90 kB[22m[2m │ map:    29.77 kB[22m
[2mdist/[22m[36massets/AiSettingsPage-BDJL67VQ.js                 [39m[1m[2m  9.97 kB[22m[1m[22m[2m │ gzip:   2.47 kB[22m[2m │ map:    21.41 kB[22m
[2mdist/[22m[36massets/TeleconsultaRoomPage-Ch-Rpj0C.js           [39m[1m[2m 10.06 kB[22m[1m[22m[2m │ gzip:   3.54 kB[22m[2m │ map:    29.91 kB[22m
[2mdist/[22m[36massets/PainHistoryTimeline-CHYLC95p.js            [39m[1m[2m 10.14 kB[22m[1m[22m[2m │ gzip:   3.23 kB[22m[2m │ map:    27.80 kB[22m
[2mdist/[22m[36massets/PartnershipPage-BYSHClxQ.js                [39m[1m[2m 10.31 kB[22m[1m[22m[2m │ gzip:   2.96 kB[22m[2m │ map:    28.84 kB[22m
[2mdist/[22m[36massets/SpecialtyAssessmentsPage-BpI8yoEs.js       [39m[1m[2m 10.66 kB[22m[1m[22m[2m │ gzip:   3.84 kB[22m[2m │ map:    30.05 kB[22m
[2mdist/[22m[36massets/ExercisesPage-Ba_cKJ6H.js                  [39m[1m[2m 10.78 kB[22m[1m[22m[2m │ gzip:   3.25 kB[22m[2m │ map:    32.14 kB[22m
[2mdist/[22m[36massets/ConsolidatedReportsDashboard-D3Nv6vnM.js   [39m[1m[2m 10.88 kB[22m[1m[22m[2m │ gzip:   2.39 kB[22m[2m │ map:    30.40 kB[22m
[2mdist/[22m[36massets/CommunicationDashboard-BrFpiVJx.js         [39m[1m[2m 10.94 kB[22m[1m[22m[2m │ gzip:   3.36 kB[22m[2m │ map:    29.41 kB[22m
[2mdist/[22m[36massets/FamilyPortalPage-xsVJv94Z.js               [39m[1m[2m 10.96 kB[22m[1m[22m[2m │ gzip:   3.47 kB[22m[2m │ map:    28.57 kB[22m
[2mdist/[22m[36massets/mockClinicalMaterials-BygBh9id.js          [39m[1m[2m 11.08 kB[22m[1m[22m[2m │ gzip:   3.14 kB[22m[2m │ map:    17.23 kB[22m
[2mdist/[22m[36massets/VideoPlayerModal-BiHPzeEM.js               [39m[1m[2m 11.19 kB[22m[1m[22m[2m │ gzip:   3.60 kB[22m[2m │ map:    29.01 kB[22m
[2mdist/[22m[36massets/MentoriaPageNew-BHO1QKoH.js                [39m[1m[2m 11.26 kB[22m[1m[22m[2m │ gzip:   2.93 kB[22m[2m │ map:    36.59 kB[22m
[2mdist/[22m[36massets/TreatmentPage-Bs6HFVqC.js                  [39m[1m[2m 11.38 kB[22m[1m[22m[2m │ gzip:   2.97 kB[22m[2m │ map:    25.17 kB[22m
[2mdist/[22m[36massets/geminiService-CHcocdMm.js                  [39m[1m[2m 11.86 kB[22m[1m[22m[2m │ gzip:   3.56 kB[22m[2m │ map:    26.53 kB[22m
[2mdist/[22m[36massets/QualityAssuranceDashboardPage-Bw-widMv.js  [39m[1m[2m 12.09 kB[22m[1m[22m[2m │ gzip:   3.83 kB[22m[2m │ map:    32.81 kB[22m
[2mdist/[22m[36massets/PartnerDashboard-BuqMUoVJ.js               [39m[1m[2m 12.18 kB[22m[1m[22m[2m │ gzip:   3.34 kB[22m[2m │ map:    27.22 kB[22m
[2mdist/[22m[36massets/PredictiveAnalyticsPage-qwNBjHxu.js        [39m[1m[2m 12.44 kB[22m[1m[22m[2m │ gzip:   4.12 kB[22m[2m │ map:    31.71 kB[22m
[2mdist/[22m[36massets/useNotifications-BLeux7FI.js               [39m[1m[2m 12.66 kB[22m[1m[22m[2m │ gzip:   4.78 kB[22m[2m │ map:    52.24 kB[22m
[2mdist/[22m[36massets/EnhancedExerciseLibraryPage-BdFjx2pr.js    [39m[1m[2m 12.91 kB[22m[1m[22m[2m │ gzip:   3.86 kB[22m[2m │ map:    35.60 kB[22m
[2mdist/[22m[36massets/PatientDashboard-fkqFFUW2.js               [39m[1m[2m 12.94 kB[22m[1m[22m[2m │ gzip:   3.49 kB[22m[2m │ map:    34.56 kB[22m
[2mdist/[22m[36massets/AdminDashboardPage-DMwaiZ_O.js             [39m[1m[2m 13.21 kB[22m[1m[22m[2m │ gzip:   3.58 kB[22m[2m │ map:    35.12 kB[22m
[2mdist/[22m[36massets/bodyMapService-B66SWwIH.js                 [39m[1m[2m 14.09 kB[22m[1m[22m[2m │ gzip:   3.90 kB[22m[2m │ map:    50.23 kB[22m
[2mdist/[22m[36massets/ReportsDashboard-OFktz5cP.js               [39m[1m[2m 14.60 kB[22m[1m[22m[2m │ gzip:   3.40 kB[22m[2m │ map:    64.48 kB[22m
[2mdist/[22m[36massets/PatientListPage-C1VtszcB.js                [39m[1m[2m 14.85 kB[22m[1m[22m[2m │ gzip:   4.45 kB[22m[2m │ map:    44.56 kB[22m
[2mdist/[22m[36massets/EventDetailPage-DsNhU36S.js                [39m[1m[2m 14.90 kB[22m[1m[22m[2m │ gzip:   4.15 kB[22m[2m │ map:    41.76 kB[22m
[2mdist/[22m[36massets/EnhancedAgendaPage-DW7ueQvg.js             [39m[1m[2m 15.21 kB[22m[1m[22m[2m │ gzip:   4.34 kB[22m[2m │ map:    51.05 kB[22m
[2mdist/[22m[36massets/ProtocolEditPage-B2Cg3G0-.js               [39m[1m[2m 16.39 kB[22m[1m[22m[2m │ gzip:   4.19 kB[22m[2m │ map:    57.27 kB[22m
[2mdist/[22m[36massets/ImprovedWeeklyView-Blu3k28L.js             [39m[1m[2m 16.49 kB[22m[1m[22m[2m │ gzip:   5.47 kB[22m[2m │ map:    49.97 kB[22m
[2mdist/[22m[36massets/DashboardPage-BvTiFWJN.js                  [39m[1m[2m 16.81 kB[22m[1m[22m[2m │ gzip:   5.72 kB[22m[2m │ map:    59.30 kB[22m
[2mdist/[22m[36massets/SessionPage-C-xRPFtD.js                    [39m[1m[2m 16.86 kB[22m[1m[22m[2m │ gzip:   4.66 kB[22m[2m │ map:    50.37 kB[22m
[2mdist/[22m[36massets/GamificationPage-BioB038J.js               [39m[1m[2m 17.46 kB[22m[1m[22m[2m │ gzip:   4.89 kB[22m[2m │ map:    50.90 kB[22m
[2mdist/[22m[36massets/KnowledgeBasePage-p-cyyaK-.js              [39m[1m[2m 17.56 kB[22m[1m[22m[2m │ gzip:   6.19 kB[22m[2m │ map:    38.01 kB[22m
[2mdist/[22m[36massets/EnhancedAssessmentsPage-DhXEozrf.js        [39m[1m[2m 18.43 kB[22m[1m[22m[2m │ gzip:   5.06 kB[22m[2m │ map:    57.37 kB[22m
[2mdist/[22m[36massets/TeleconsultaPage-D0Jze2y4.js               [39m[1m[2m 19.76 kB[22m[1m[22m[2m │ gzip:   6.17 kB[22m[2m │ map:    61.95 kB[22m
[2mdist/[22m[36massets/PopulationHealthDashboardPage-LYfO-NSl.js  [39m[1m[2m 20.03 kB[22m[1m[22m[2m │ gzip:   6.27 kB[22m[2m │ map:    49.96 kB[22m
[2mdist/[22m[36massets/EnhancedProtocolsPage-CbkMcNvI.js          [39m[1m[2m 20.54 kB[22m[1m[22m[2m │ gzip:   4.79 kB[22m[2m │ map:    66.75 kB[22m
[2mdist/[22m[36massets/Sidebar-C5xbdflJ.js                        [39m[1m[2m 21.93 kB[22m[1m[22m[2m │ gzip:   6.57 kB[22m[2m │ map:    68.45 kB[22m
[2mdist/[22m[36massets/SportsRehabilitationPage-DjCaYKCJ.js       [39m[1m[2m 22.37 kB[22m[1m[22m[2m │ gzip:   5.49 kB[22m[2m │ map:    57.22 kB[22m
[2mdist/[22m[36massets/AcompanhamentoPage-HCh_7u8F.js             [39m[1m[2m 23.22 kB[22m[1m[22m[2m │ gzip:   6.81 kB[22m[2m │ map:    80.66 kB[22m
[2mdist/[22m[36massets/InventoryPage-DT7xyTt-.js                  [39m[1m[2m 25.27 kB[22m[1m[22m[2m │ gzip:   6.10 kB[22m[2m │ map:    73.49 kB[22m
[2mdist/[22m[36massets/FreeVideoGeneratorReal-F9FmDpdY.js         [39m[1m[2m 25.40 kB[22m[1m[22m[2m │ gzip:   7.42 kB[22m[2m │ map:    73.58 kB[22m
[2mdist/[22m[36massets/ClinicalAnalyticsPage-BKTjQTfm.js          [39m[1m[2m 26.62 kB[22m[1m[22m[2m │ gzip:   6.02 kB[22m[2m │ map:    66.83 kB[22m
[2mdist/[22m[36massets/integratedProtocolsService-CI9VcIhk.js     [39m[1m[2m 27.08 kB[22m[1m[22m[2m │ gzip:   8.88 kB[22m[2m │ map:    88.27 kB[22m
[2mdist/[22m[36massets/SessionFormPage-DHCjp-6c.js                [39m[1m[2m 29.39 kB[22m[1m[22m[2m │ gzip:   6.98 kB[22m[2m │ map:    80.79 kB[22m
[2mdist/[22m[36massets/AiAnalyticsPage-CzOzZyUQ.js                [39m[1m[2m 29.63 kB[22m[1m[22m[2m │ gzip:   6.25 kB[22m[2m │ map:    72.86 kB[22m
[2mdist/[22m[36massets/UserManagementPage-O6i6xEeD.js             [39m[1m[2m 30.19 kB[22m[1m[22m[2m │ gzip:   6.52 kB[22m[2m │ map:    84.09 kB[22m
[2mdist/[22m[36massets/ExerciseEditPage-B1xss-M_.js               [39m[1m[2m 31.20 kB[22m[1m[22m[2m │ gzip:   6.44 kB[22m[2m │ map:   105.85 kB[22m
[2mdist/[22m[36massets/FinancialPage-CEPCvPj9.js                  [39m[1m[2m 33.67 kB[22m[1m[22m[2m │ gzip:   8.47 kB[22m[2m │ map:    93.57 kB[22m
[2mdist/[22m[36massets/AgendaPage-LJ-m630E.js                     [39m[1m[2m 34.22 kB[22m[1m[22m[2m │ gzip:   9.45 kB[22m[2m │ map:   119.57 kB[22m
[2mdist/[22m[36massets/BodyMapDashboardPage-DtIoRyEN.js           [39m[1m[2m 35.97 kB[22m[1m[22m[2m │ gzip:   8.54 kB[22m[2m │ map:    75.26 kB[22m
[2mdist/[22m[36massets/BodyMapContainer-B-fnIUGF.js               [39m[1m[2m 37.72 kB[22m[1m[22m[2m │ gzip:  10.98 kB[22m[2m │ map:   117.31 kB[22m
[2mdist/[22m[36massets/PatientEditPage-DS-g6-Dt.js                [39m[1m[2m 37.73 kB[22m[1m[22m[2m │ gzip:   7.80 kB[22m[2m │ map:   114.03 kB[22m
[2mdist/[22m[36massets/AtendimentoPageNew-DbcrWrP6.js             [39m[1m[2m 38.88 kB[22m[1m[22m[2m │ gzip:   9.03 kB[22m[2m │ map:   136.47 kB[22m
[2mdist/[22m[36massets/vendor-date-J8QqGiQY.js                    [39m[1m[2m 39.07 kB[22m[1m[22m[2m │ gzip:  10.46 kB[22m[2m │ map:   233.48 kB[22m
[2mdist/[22m[36massets/SuppliesPage-DgbeC2g4.js                   [39m[1m[2m 41.48 kB[22m[1m[22m[2m │ gzip:   8.58 kB[22m[2m │ map:   131.56 kB[22m
[2mdist/[22m[36massets/RiskStratificationPage-CUlGksKT.js         [39m[1m[2m 44.35 kB[22m[1m[22m[2m │ gzip:  10.83 kB[22m[2m │ map:   129.35 kB[22m
[2mdist/[22m[36massets/AtendimentoPageDemo-86LMuzLj.js            [39m[1m[2m 44.99 kB[22m[1m[22m[2m │ gzip:   9.35 kB[22m[2m │ map:   148.58 kB[22m
[2mdist/[22m[36massets/MedicalRecordsSystem-ko7l9bfc.js           [39m[1m[2m 46.21 kB[22m[1m[22m[2m │ gzip:  10.02 kB[22m[2m │ map:   123.43 kB[22m
[2mdist/[22m[36massets/WhatsAppManagementPage-Djf2_rNj.js         [39m[1m[2m 47.30 kB[22m[1m[22m[2m │ gzip:  11.81 kB[22m[2m │ map:   133.37 kB[22m
[2mdist/[22m[36massets/BackupManagementPage-CtQtMzuF.js           [39m[1m[2m 48.31 kB[22m[1m[22m[2m │ gzip:  11.07 kB[22m[2m │ map:   136.89 kB[22m
[2mdist/[22m[36massets/SettingsPage-LWZe-vgU.js                   [39m[1m[2m 48.51 kB[22m[1m[22m[2m │ gzip:  11.99 kB[22m[2m │ map:   168.90 kB[22m
[2mdist/[22m[36massets/CompleteDashboard-BIqvff9V.js              [39m[1m[2m 49.47 kB[22m[1m[22m[2m │ gzip:  13.20 kB[22m[2m │ map:   111.39 kB[22m
[2mdist/[22m[36massets/AdvancedReportsPage-H1DB15vk.js            [39m[1m[2m 49.77 kB[22m[1m[22m[2m │ gzip:  12.41 kB[22m[2m │ map:   137.86 kB[22m
[2mdist/[22m[36massets/CaseDetailModal-etSUV7kx.js                [39m[1m[2m 49.80 kB[22m[1m[22m[2m │ gzip:  14.45 kB[22m[2m │ map:   111.16 kB[22m
[2mdist/[22m[36massets/ListView-CWSXWxot.js                       [39m[1m[2m 50.48 kB[22m[1m[22m[2m │ gzip:  14.13 kB[22m[2m │ map:   168.94 kB[22m
[2mdist/[22m[36massets/assessmentsLibraryData-Bqba_3xv.js         [39m[1m[2m 54.49 kB[22m[1m[22m[2m │ gzip:  13.43 kB[22m[2m │ map:    98.22 kB[22m
[2mdist/[22m[36massets/vendor-forms-BuzAkwYs.js                   [39m[1m[2m 55.42 kB[22m[1m[22m[2m │ gzip:  12.95 kB[22m[2m │ map:   228.75 kB[22m
[2mdist/[22m[36massets/ClinicalContentPage-8sc6OpO6.js            [39m[1m[2m 57.25 kB[22m[1m[22m[2m │ gzip:   9.88 kB[22m[2m │ map:   150.68 kB[22m
[2mdist/[22m[36massets/app-ui-components-ClflFQOH.js              [39m[1m[2m 59.84 kB[22m[1m[22m[2m │ gzip:  14.36 kB[22m[2m │ map:   186.13 kB[22m
[2mdist/[22m[36massets/MedicalRecordsDashboard-y50MRLQq.js        [39m[1m[2m 60.18 kB[22m[1m[22m[2m │ gzip:  11.02 kB[22m[2m │ map:   186.96 kB[22m
[2mdist/[22m[36massets/UnifiedCRMPage-BhNZXuMV.js                 [39m[1m[2m 66.22 kB[22m[1m[22m[2m │ gzip:  15.68 kB[22m[2m │ map:   224.60 kB[22m
[2mdist/[22m[36massets/exercisesLibraryData-DLgBXku2.js           [39m[1m[2m 68.16 kB[22m[1m[22m[2m │ gzip:  16.26 kB[22m[2m │ map:   111.46 kB[22m
[2mdist/[22m[36massets/ConsolidatedAITools-DCJbbSeM.js            [39m[1m[2m102.65 kB[22m[1m[22m[2m │ gzip:  21.07 kB[22m[2m │ map:   281.18 kB[22m
[2mdist/[22m[36massets/vendor-supabase-DErNlfKa.js                [39m[1m[2m145.68 kB[22m[1m[22m[2m │ gzip:  38.82 kB[22m[2m │ map:   616.65 kB[22m
[2mdist/[22m[36massets/index-CkFN3kDF.js                          [39m[1m[2m185.33 kB[22m[1m[22m[2m │ gzip:  50.57 kB[22m[2m │ map:   700.19 kB[22m
[2mdist/[22m[36massets/BIIntegrationTestPage-B9z9OXfS.js          [39m[1m[2m186.62 kB[22m[1m[22m[2m │ gzip:  43.99 kB[22m[2m │ map:   501.10 kB[22m
[2mdist/[22m[36massets/vendor-ui-B3kCFfIe.js                      [39m[1m[2m200.65 kB[22m[1m[22m[2m │ gzip:  54.01 kB[22m[2m │ map:   830.04 kB[22m
[2mdist/[22m[36massets/PatientDetailPage-CQ5JTWs2.js              [39m[1m[2m215.16 kB[22m[1m[22m[2m │ gzip:  45.44 kB[22m[2m │ map:   679.94 kB[22m
[2mdist/[22m[36massets/vendor-charts-Bf3JGReA.js                  [39m[1m[2m320.28 kB[22m[1m[22m[2m │ gzip:  70.40 kB[22m[2m │ map: 1,240.81 kB[22m
[2mdist/[22m[36massets/lib-editor-R56oqSB_.js                     [39m[1m[2m378.25 kB[22m[1m[22m[2m │ gzip: 114.15 kB[22m[2m │ map: 1,628.97 kB[22m
[2mdist/[22m[36massets/vendor-misc-DYBvzObU.js                    [39m[1m[2m435.84 kB[22m[1m[22m[2m │ gzip: 151.82 kB[22m[2m │ map: 2,247.32 kB[22m
[2mdist/[22m[36massets/vendor-react-0IMFNPCF.js                   [39m[1m[2m445.14 kB[22m[1m[22m[2m │ gzip: 139.91 kB[22m[2m │ map: 4,329.17 kB[22m
[2mdist/[22m[36massets/lib-pdf-DabuvJmV.js                        [39m[1m[33m544.30 kB[39m[22m[2m │ gzip: 159.98 kB[22m[2m │ map: 1,410.36 kB[22m
[33m
(!) Some chunks are larger than 500 kB after minification. Consider:
- Using dynamic import() to code-split the application
- Use build.rollupOptions.output.manualChunks to improve chunking: https://rollupjs.org/configuration-options/#output-manualchunks
- Adjust chunk size limit for this warning via build.chunkSizeWarningLimit.[39m
[32m✓ built in 36.39s[39m

═══════════════════════════════════════════════════════════
          📊 ANÁLISE DE TAMANHO DO BUNDLE
═══════════════════════════════════════════════════════════

📦 TAMANHO TOTAL
   5.64MB / 12.00MB
   47.0% do limite máximo

✅ Tamanho total OK

📑 CHUNKS JAVASCRIPT
   Total de chunks: 175
   Maior chunk: 531.55KB
   Menor chunk: 328B

⚠️  CHUNKS MUITO GRANDES (> 500KB):
   ❌ lib-pdf-DabuvJmV.js                                531.55KB

💡 RECOMENDAÇÕES:
   1. Revise code splitting no vite.config.ts
   2. Implemente lazy loading para estas features
   3. Considere dynamic imports

⚠️  CHUNKS GRANDES (> 300KB):
   ⚠️  vendor-react-0IMFNPCF.js                           434.71KB
   ⚠️  vendor-misc-DYBvzObU.js                            425.63KB
   ⚠️  lib-editor-R56oqSB_.js                             369.38KB
   ⚠️  vendor-charts-Bf3JGReA.js                          312.78KB

📊 TOP 10 MAIORES CHUNKS:
    1. ❌ lib-pdf-DabuvJmV.js                           531.55KB
    2. ⚠️  vendor-react-0IMFNPCF.js                      434.71KB
    3. ⚠️  vendor-misc-DYBvzObU.js                       425.63KB
    4. ⚠️  lib-editor-R56oqSB_.js                        369.38KB
    5. ⚠️  vendor-charts-Bf3JGReA.js                     312.78KB
    6. ✅ PatientDetailPage-CQ5JTWs2.js                 210.12KB
    7. ✅ vendor-ui-B3kCFfIe.js                         195.95KB
    8. ✅ BIIntegrationTestPage-B9z9OXfS.js             182.25KB
    9. ✅ index-CkFN3kDF.js                             180.99KB
   10. ✅ vendor-supabase-DErNlfKa.js                   142.27KB

📈 ESTATÍSTICAS:
   Total JS: 5.35MB
   Média por chunk: 31.29KB
   Chunks > 500KB: 1
   Chunks > 300KB: 4

═══════════════════════════════════════════════════════════
          ⚠️  BUNDLE OK MAS PRECISA DE OTIMIZAÇÃO
═══════════════════════════════════════════════════════════

💡 PRÓXIMOS PASSOS:
   1. Execute `npm run build:analyze` para visualização gráfica
   2. Revise VERCEL_BUILD_OPTIMIZATION_PLAN.md
   3. Implemente lazy loading agressivo

